root@2dab9ea4e620:~/go/src/github.com/PFAP# go version

go version go1.10.8 linux/amd64

root@2dab9ea4e620:~/go/src/github.com/PFAP# cmake --version

cmake version 3.10.2
CMake suite maintained and supported by Kitware (kitware.com/cmake).

root@2dab9ea4e620:~/go/src/github.com/PFAP# gcc --version

gcc (Ubuntu 7.5.0-3ubuntu1~18.04) 7.5.0
Copyright (C) 2017 Free Software Foundation, Inc.
This is free software; see the source for copying conditions.  There is NO
warranty; not even for MERCHANTABILITY or FITNESS FOR A PARTICULAR PURPOSE.

root@2dab9ea4e620:~/go/src/github.com/PFAP# g++ --version

g++ (Ubuntu 7.5.0-3ubuntu1~18.04) 7.5.0
Copyright (C) 2017 Free Software Foundation, Inc.
This is free software; see the source for copying conditions.  There is NO
warranty; not even for MERCHANTABILITY or FITNESS FOR A PARTICULAR PURPOSE.

root@2dab9ea4e620:~/go/src/github.com/PFAP# ldd --version

ldd (Ubuntu GLIBC 2.27-3ubuntu1.6) 2.27
Copyright (C) 2018 Free Software Foundation, Inc.
This is free software; see the source for copying conditions.  There is NO
warranty; not even for MERCHANTABILITY or FITNESS FOR A PARTICULAR PURPOSE.
Written by Roland McGrath and Ulrich Drepper.

root@2dab9ea4e620:~/go/src/github.com/PFAP# make -v

GNU Make 4.1
Built for x86_64-pc-linux-gnu
Copyright (C) 1988-2014 Free Software Foundation, Inc.
License GPLv3+: GNU GPL version 3 or later <http://gnu.org/licenses/gpl.html>
This is free software: you are free to change and redistribute it.
There is NO WARRANTY, to the extent permitted by law.

root@2dab9ea4e620:~/go/src/github.com/PFAP# git --version

git version 2.17.1

root@2dab9ea4e620:~/go/src/github.com/PFAP# pkg-config --version

0.29.1

root@2dab9ea4e620:~/go/src/github.com/PFAP# dpkg -l libgmp3-dev libprocps-dev libboost-all-dev libssl-dev

Desired=Unknown/Install/Remove/Purge/Hold
| Status=Not/Inst/Conf-files/Unpacked/halF-conf/Half-inst/trig-aWait/Trig-pend
|/ Err?=(none)/Reinst-required (Status,Err: uppercase=bad)
||/ Name                     Version           Architecture      Description
+++-========================-=================-=================-=====================================================
ii  libboost-all-dev         1.65.1.0ubuntu1   amd64             Boost C++ Libraries development files (ALL) (default
ii  libgmp3-dev              2:6.1.2+dfsg-2ubu amd64             Multiprecision arithmetic library developers tools
ii  libprocps-dev:amd64      2:3.3.12-3ubuntu1 amd64             library for accessing process information from /proc
ii  libssl-dev:amd64         1.1.1-1ubuntu2.1~ amd64             Secure Sockets Layer toolkit - development files